// Jest Snapshot v1, https://goo.gl/fbAQLP

exports[`Tests of GifItem Should match with snapshot 1`] = `
<div>
  <div
    class="card"
  >
    <img
      alt="Dragon Ball"
      src="http://dragon.ball/goku.jpg"
    />
    <p>
      Dragon Ball
    </p>
  </div>
</div>
`;
